#-----------------------------------------------------------
# Vivado v2018.1 (64-bit)
# SW Build 2188600 on Wed Apr  4 18:39:19 MDT 2018
# IP Build 2185939 on Wed Apr  4 20:55:05 MDT 2018
# Start of session at: Tue Dec  8 20:21:57 2020
# Process ID: 5790
# Current directory: /home/lucasml/Escritorio/CESE/Microarquitecturasysoftcores/Laboratorios/laboratorio4/laboratorio4.runs/system_VGA_CONTROLLER_0_0_synth_1
# Command line: vivado -log system_VGA_CONTROLLER_0_0.vds -product Vivado -mode batch -messageDb vivado.pb -notrace -source system_VGA_CONTROLLER_0_0.tcl
# Log file: /home/lucasml/Escritorio/CESE/Microarquitecturasysoftcores/Laboratorios/laboratorio4/laboratorio4.runs/system_VGA_CONTROLLER_0_0_synth_1/system_VGA_CONTROLLER_0_0.vds
# Journal file: /home/lucasml/Escritorio/CESE/Microarquitecturasysoftcores/Laboratorios/laboratorio4/laboratorio4.runs/system_VGA_CONTROLLER_0_0_synth_1/vivado.jou
#-----------------------------------------------------------
source system_VGA_CONTROLLER_0_0.tcl -notrace
